// Jest Snapshot v1, https://goo.gl/fbAQLP

exports[`App component testing the root app 1`] = `
Array [
  <div>
    <UNDEFINED />
  </div>,
]
`;
